// Jest Snapshot v1, https://goo.gl/fbAQLP

exports[`FirstTab Component matches the snapshot 1`] = `
<DocumentFragment>
  <div
    class=" "
  >
    <div>
      <h2
        class=" helvetica"
      >
        Step 1
      </h2>
    </div>
    <div
      class="youbee"
    >
      <section>
        <span>
          How many attendees will be there?
        </span>
        <select>
          <option
            value=""
          >
            Please Choose
          </option>
          <option
            value="1"
          >
            1
          </option>
          <option
            value="2"
          >
            2
          </option>
          <option
            value="3"
          >
            3
          </option>
          <option
            value="4"
          >
            4
          </option>
          <option
            value="5"
          >
            5
          </option>
        </select>
      </section>
    </div>
  </div>
</DocumentFragment>
`;
